· 12 err · 11 rate-limited
stale · 49 unread
market unreadable
stale · 49 unread
market unreadable
· 4 err · 3 rate-limited
stale · 49 unread
market unreadable
· 6 err · 5 rate-limited
[tick] mainnet block 58132583
stale · 0 unread
· 0 err · 0 rate-limited
stale · 49 unread
market unreadable
· 2 err · 1 rate-limited
stale · 49 unread
market unreadable
· 3 err · 3 rate-limited
[tick] mainnet block 58132772
stale · 49 unread
market unreadable
· 1 err · 0 rate-limited
stale · 49 unread
market unreadable
· 9 err · 8 rate-limited
stale · 49 unread
market unreadable
stale · 49 unread
market unreadable
· 12 err · 11 rate-limited
stale · 49 unread
market unreadable
· 1 err · 0 rate-limited
[tick] mainnet block 58133002
stale · 0 unread
---S1---
· 12 err · 11 rate-limited
stale · 49 unread
market unreadable
stale · 49 unread
market unreadable
· 4 err · 3 rate-limited
stale · 49 unread
market unreadable
· 6 err · 5 rate-limited
[tick] mainnet block 58132583
stale · 0 unread
· 0 err · 0 rate-limited
stale · 49 unread
market unreadable
· 2 err · 1 rate-limited
stale · 49 unread
market unreadable
· 3 err · 3 rate-limited
[tick] mainnet block 58132772
stale · 49 unread
market unreadable
· 1 err · 0 rate-limited
stale · 49 unread
market unreadable
· 9 err · 8 rate-limited
stale · 49 unread
market unreadable
stale · 49 unread
market unreadable
· 12 err · 11 rate-limited
stale · 49 unread
market unreadable
· 1 err · 0 rate-limited
[tick] mainnet block 58133002
stale · 0 unread
---S2---
· 12 err · 11 rate-limited
stale · 49 unread
market unreadable
stale · 49 unread
market unreadable
· 4 err · 3 rate-limited
stale · 49 unread
market unreadable
· 6 err · 5 rate-limited
[tick] mainnet block 58132583
stale · 0 unread
· 0 err · 0 rate-limited
stale · 49 unread
market unreadable
· 2 err · 1 rate-limited
stale · 49 unread
market unreadable
· 3 err · 3 rate-limited
[tick] mainnet block 58132772
stale · 49 unread
market unreadable
· 1 err · 0 rate-limited
stale · 49 unread
market unreadable
· 9 err · 8 rate-limited
stale · 49 unread
market unreadable
stale · 49 unread
market unreadable
· 12 err · 11 rate-limited
stale · 49 unread
market unreadable
· 1 err · 0 rate-limited
[tick] mainnet block 58133002
stale · 0 unread
---S3---
· 12 err · 11 rate-limited
stale · 49 unread
market unreadable
stale · 49 unread
market unreadable
· 4 err · 3 rate-limited
stale · 49 unread
market unreadable
· 6 err · 5 rate-limited
[tick] mainnet block 58132583
stale · 0 unread
· 0 err · 0 rate-limited
stale · 49 unread
market unreadable
· 2 err · 1 rate-limited
stale · 49 unread
market unreadable
· 3 err · 3 rate-limited
[tick] mainnet block 58132772
stale · 49 unread
market unreadable
· 1 err · 0 rate-limited
stale · 49 unread
market unreadable
· 9 err · 8 rate-limited
stale · 49 unread
market unreadable
stale · 49 unread
market unreadable
· 12 err · 11 rate-limited
stale · 49 unread
market unreadable
· 1 err · 0 rate-limited
[tick] mainnet block 58133002
stale · 0 unread
---S4---
stale · 49 unread
market unreadable
· 4 err · 3 rate-limited
stale · 49 unread
market unreadable
· 6 err · 5 rate-limited
[tick] mainnet block 58132583
stale · 0 unread
· 0 err · 0 rate-limited
stale · 49 unread
market unreadable
· 2 err · 1 rate-limited
stale · 49 unread
market unreadable
· 3 err · 3 rate-limited
[tick] mainnet block 58132772
stale · 49 unread
market unreadable
· 1 err · 0 rate-limited
stale · 49 unread
market unreadable
· 9 err · 8 rate-limited
stale · 49 unread
market unreadable
stale · 49 unread
market unreadable
· 12 err · 11 rate-limited
stale · 49 unread
market unreadable
· 1 err · 0 rate-limited
[tick] mainnet block 58133002
stale · 0 unread
---S5---
stale · 49 unread
market unreadable
· 4 err · 3 rate-limited
stale · 49 unread
market unreadable
· 6 err · 5 rate-limited
[tick] mainnet block 58132583
stale · 0 unread
· 0 err · 0 rate-limited
stale · 49 unread
market unreadable
· 2 err · 1 rate-limited
stale · 49 unread
market unreadable
· 3 err · 3 rate-limited
[tick] mainnet block 58132772
stale · 49 unread
market unreadable
· 1 err · 0 rate-limited
stale · 49 unread
market unreadable
· 9 err · 8 rate-limited
stale · 49 unread
market unreadable
stale · 49 unread
market unreadable
· 12 err · 11 rate-limited
stale · 49 unread
market unreadable
· 1 err · 0 rate-limited
[tick] mainnet block 58133002
stale · 0 unread
· 0 err · 0 rate-limited
---S6---
stale · 49 unread
market unreadable
· 4 err · 3 rate-limited
stale · 49 unread
market unreadable
· 6 err · 5 rate-limited
[tick] mainnet block 58132583
stale · 0 unread
· 0 err · 0 rate-limited
stale · 49 unread
market unreadable
· 2 err · 1 rate-limited
stale · 49 unread
market unreadable
· 3 err · 3 rate-limited
[tick] mainnet block 58132772
stale · 49 unread
market unreadable
· 1 err · 0 rate-limited
stale · 49 unread
market unreadable
· 9 err · 8 rate-limited
stale · 49 unread
market unreadable
stale · 49 unread
market unreadable
· 12 err · 11 rate-limited
stale · 49 unread
market unreadable
· 1 err · 0 rate-limited
[tick] mainnet block 58133002
stale · 0 unread
· 0 err · 0 rate-limited
---S7---
[tick] mainnet block 58132583
stale · 0 unread
· 0 err · 0 rate-limited
stale · 49 unread
market unreadable
· 2 err · 1 rate-limited
stale · 49 unread
market unreadable
· 3 err · 3 rate-limited
[tick] mainnet block 58132772
stale · 49 unread
market unreadable
· 1 err · 0 rate-limited
stale · 49 unread
market unreadable
· 9 err · 8 rate-limited
stale · 49 unread
market unreadable
stale · 49 unread
market unreadable
· 12 err · 11 rate-limited
stale · 49 unread
market unreadable
· 1 err · 0 rate-limited
[tick] mainnet block 58133002
stale · 0 unread
· 0 err · 0 rate-limited
[tick] mainnet block 58133312
stale · 0 unread
· 0 err · 0 rate-limited
[tick] mainnet block 58133302
stale · 0 unread
---S8---
[tick] mainnet block 58132583
stale · 0 unread
· 0 err · 0 rate-limited
stale · 49 unread
market unreadable
· 2 err · 1 rate-limited
stale · 49 unread
market unreadable
· 3 err · 3 rate-limited
[tick] mainnet block 58132772
stale · 49 unread
market unreadable
· 1 err · 0 rate-limited
stale · 49 unread
market unreadable
· 9 err · 8 rate-limited
stale · 49 unread
market unreadable
stale · 49 unread
market unreadable
· 12 err · 11 rate-limited
stale · 49 unread
market unreadable
· 1 err · 0 rate-limited
[tick] mainnet block 58133002
stale · 0 unread
· 0 err · 0 rate-limited
[tick] mainnet block 58133312
stale · 0 unread
· 0 err · 0 rate-limited
[tick] mainnet block 58133302
stale · 0 unread
---S9---
[tick] mainnet block 58132583
stale · 0 unread
· 0 err · 0 rate-limited
stale · 49 unread
market unreadable
· 2 err · 1 rate-limited
stale · 49 unread
market unreadable
· 3 err · 3 rate-limited
[tick] mainnet block 58132772
stale · 49 unread
market unreadable
· 1 err · 0 rate-limited
stale · 49 unread
market unreadable
· 9 err · 8 rate-limited
stale · 49 unread
market unreadable
stale · 49 unread
market unreadable
· 12 err · 11 rate-limited
stale · 49 unread
market unreadable
· 1 err · 0 rate-limited
[tick] mainnet block 58133002
stale · 0 unread
· 0 err · 0 rate-limited
[tick] mainnet block 58133312
stale · 0 unread
· 0 err · 0 rate-limited
[tick] mainnet block 58133302
stale · 0 unread
[tick] mainnet block 58133396
stale · 0 unread
---S10---
[tick] mainnet block 58132583
stale · 0 unread
· 0 err · 0 rate-limited
stale · 49 unread
market unreadable
· 2 err · 1 rate-limited
stale · 49 unread
market unreadable
· 3 err · 3 rate-limited
[tick] mainnet block 58132772
stale · 49 unread
market unreadable
· 1 err · 0 rate-limited
stale · 49 unread
market unreadable
· 9 err · 8 rate-limited
stale · 49 unread
market unreadable
stale · 49 unread
market unreadable
· 12 err · 11 rate-limited
stale · 49 unread
market unreadable
· 1 err · 0 rate-limited
[tick] mainnet block 58133002
stale · 0 unread
· 0 err · 0 rate-limited
[tick] mainnet block 58133312
stale · 0 unread
· 0 err · 0 rate-limited
[tick] mainnet block 58133302
stale · 0 unread
[tick] mainnet block 58133396
stale · 0 unread
---S11---
stale · 49 unread
market unreadable
· 2 err · 1 rate-limited
stale · 49 unread
market unreadable
· 3 err · 3 rate-limited
[tick] mainnet block 58132772
stale · 49 unread
market unreadable
· 1 err · 0 rate-limited
stale · 49 unread
market unreadable
· 9 err · 8 rate-limited
stale · 49 unread
market unreadable
stale · 49 unread
market unreadable
· 12 err · 11 rate-limited
stale · 49 unread
market unreadable
· 1 err · 0 rate-limited
[tick] mainnet block 58133002
stale · 0 unread
· 0 err · 0 rate-limited
[tick] mainnet block 58133312
stale · 0 unread
· 0 err · 0 rate-limited
[tick] mainnet block 58133302
stale · 0 unread
[tick] mainnet block 58133396
stale · 0 unread
[tick] mainnet block 58133511
stale · 0 unread
[tick] mainnet block 58133516
stale · 0 unread
---S12---
stale · 49 unread
market unreadable
· 2 err · 1 rate-limited
stale · 49 unread
market unreadable
· 3 err · 3 rate-limited
[tick] mainnet block 58132772
stale · 49 unread
market unreadable
· 1 err · 0 rate-limited
stale · 49 unread
market unreadable
· 9 err · 8 rate-limited
stale · 49 unread
market unreadable
stale · 49 unread
market unreadable
· 12 err · 11 rate-limited
stale · 49 unread
market unreadable
· 1 err · 0 rate-limited
[tick] mainnet block 58133002
stale · 0 unread
· 0 err · 0 rate-limited
[tick] mainnet block 58133312
stale · 0 unread
· 0 err · 0 rate-limited
[tick] mainnet block 58133302
stale · 0 unread
[tick] mainnet block 58133396
stale · 0 unread
[tick] mainnet block 58133511
stale · 0 unread
[tick] mainnet block 58133516
stale · 0 unread
---S13---
stale · 49 unread
market unreadable
· 2 err · 1 rate-limited
stale · 49 unread
market unreadable
· 3 err · 3 rate-limited
[tick] mainnet block 58132772
stale · 49 unread
market unreadable
· 1 err · 0 rate-limited
stale · 49 unread
market unreadable
· 9 err · 8 rate-limited
stale · 49 unread
market unreadable
stale · 49 unread
market unreadable
· 12 err · 11 rate-limited
stale · 49 unread
market unreadable
· 1 err · 0 rate-limited
[tick] mainnet block 58133002
stale · 0 unread
· 0 err · 0 rate-limited
[tick] mainnet block 58133312
stale · 0 unread
· 0 err · 0 rate-limited
[tick] mainnet block 58133302
stale · 0 unread
[tick] mainnet block 58133396
stale · 0 unread
[tick] mainnet block 58133511
stale · 0 unread
[tick] mainnet block 58133516
stale · 0 unread
· 0 err · 0 rate-limited
---S14---
stale · 49 unread
market unreadable
· 2 err · 1 rate-limited
stale · 49 unread
market unreadable
· 3 err · 3 rate-limited
[tick] mainnet block 58132772
stale · 49 unread
market unreadable
· 1 err · 0 rate-limited
stale · 49 unread
market unreadable
· 9 err · 8 rate-limited
stale · 49 unread
market unreadable
stale · 49 unread
market unreadable
· 12 err · 11 rate-limited
stale · 49 unread
market unreadable
· 1 err · 0 rate-limited
[tick] mainnet block 58133002
stale · 0 unread
· 0 err · 0 rate-limited
[tick] mainnet block 58133312
stale · 0 unread
· 0 err · 0 rate-limited
[tick] mainnet block 58133302
stale · 0 unread
[tick] mainnet block 58133396
stale · 0 unread
[tick] mainnet block 58133511
stale · 0 unread
[tick] mainnet block 58133516
stale · 0 unread
· 0 err · 0 rate-limited
---S15---
stale · 49 unread
market unreadable
· 2 err · 1 rate-limited
stale · 49 unread
market unreadable
· 3 err · 3 rate-limited
[tick] mainnet block 58132772
stale · 49 unread
market unreadable
· 1 err · 0 rate-limited
stale · 49 unread
market unreadable
· 9 err · 8 rate-limited
stale · 49 unread
market unreadable
stale · 49 unread
market unreadable
· 12 err · 11 rate-limited
stale · 49 unread
market unreadable
· 1 err · 0 rate-limited
[tick] mainnet block 58133002
stale · 0 unread
· 0 err · 0 rate-limited
[tick] mainnet block 58133312
stale · 0 unread
· 0 err · 0 rate-limited
[tick] mainnet block 58133302
stale · 0 unread
[tick] mainnet block 58133396
stale · 0 unread
[tick] mainnet block 58133511
stale · 0 unread
[tick] mainnet block 58133516
stale · 0 unread
· 0 err · 0 rate-limited
[tick] mainnet block 58133675
stale · 0 unread
· 0 err · 0 rate-limited
· 0 err · 0 rate-limited
---S16---
stale · 49 unread
market unreadable
· 2 err · 1 rate-limited
stale · 49 unread
market unreadable
· 3 err · 3 rate-limited
[tick] mainnet block 58132772
stale · 49 unread
market unreadable
· 1 err · 0 rate-limited
stale · 49 unread
market unreadable
· 9 err · 8 rate-limited
stale · 49 unread
market unreadable
stale · 49 unread
market unreadable
· 12 err · 11 rate-limited
stale · 49 unread
market unreadable
· 1 err · 0 rate-limited
[tick] mainnet block 58133002
stale · 0 unread
· 0 err · 0 rate-limited
[tick] mainnet block 58133312
stale · 0 unread
· 0 err · 0 rate-limited
[tick] mainnet block 58133302
stale · 0 unread
[tick] mainnet block 58133396
stale · 0 unread
[tick] mainnet block 58133511
stale · 0 unread
[tick] mainnet block 58133516
stale · 0 unread
· 0 err · 0 rate-limited
[tick] mainnet block 58133675
stale · 0 unread
· 0 err · 0 rate-limited
· 0 err · 0 rate-limited
---S17---
stale · 49 unread
market unreadable
· 2 err · 1 rate-limited
stale · 49 unread
market unreadable
· 3 err · 3 rate-limited
[tick] mainnet block 58132772
stale · 49 unread
market unreadable
· 1 err · 0 rate-limited
stale · 49 unread
market unreadable
· 9 err · 8 rate-limited
stale · 49 unread
market unreadable
stale · 49 unread
market unreadable
· 12 err · 11 rate-limited
stale · 49 unread
market unreadable
· 1 err · 0 rate-limited
[tick] mainnet block 58133002
stale · 0 unread
· 0 err · 0 rate-limited
[tick] mainnet block 58133312
stale · 0 unread
· 0 err · 0 rate-limited
[tick] mainnet block 58133302
stale · 0 unread
[tick] mainnet block 58133396
stale · 0 unread
[tick] mainnet block 58133511
stale · 0 unread
[tick] mainnet block 58133516
stale · 0 unread
· 0 err · 0 rate-limited
[tick] mainnet block 58133675
stale · 0 unread
· 0 err · 0 rate-limited
· 0 err · 0 rate-limited
---S18---
stale · 49 unread
market unreadable
· 2 err · 1 rate-limited
stale · 49 unread
market unreadable
· 3 err · 3 rate-limited
[tick] mainnet block 58132772
stale · 49 unread
market unreadable
· 1 err · 0 rate-limited
stale · 49 unread
market unreadable
· 9 err · 8 rate-limited
stale · 49 unread
market unreadable
stale · 49 unread
market unreadable
· 12 err · 11 rate-limited
stale · 49 unread
market unreadable
· 1 err · 0 rate-limited
[tick] mainnet block 58133002
stale · 0 unread
· 0 err · 0 rate-limited
[tick] mainnet block 58133312
stale · 0 unread
· 0 err · 0 rate-limited
[tick] mainnet block 58133302
stale · 0 unread
[tick] mainnet block 58133396
stale · 0 unread
[tick] mainnet block 58133511
stale · 0 unread
[tick] mainnet block 58133516
stale · 0 unread
· 0 err · 0 rate-limited
[tick] mainnet block 58133675
stale · 0 unread
· 0 err · 0 rate-limited
· 0 err · 0 rate-limited
---S19---
[tick] mainnet block 58133396
stale · 0 unread
[tick] mainnet block 58133511
stale · 0 unread
[tick] mainnet block 58133516
stale · 0 unread
· 0 err · 0 rate-limited
[tick] mainnet block 58133675
stale · 0 unread
· 0 err · 0 rate-limited
· 0 err · 0 rate-limited
[tick] mainnet block 58133785
stale · 0 unread
· 1 err · 1 rate-limited
[tick] mainnet block 58133795
stale · 0 unread
· 0 err · 0 rate-limited
---S20---
---S21---
[tick] mainnet block 58133916
stale · 0 unread
[tick] mainnet block 58133916
stale · 0 unread
[tick] mainnet block 58133935
stale · 0 unread
---S22---
